{
  "Url": "https://upload.production.vaas.gdatasecurity.de",
  "UseHashLookup": null,
  "UseCache": null,
  "TokenUrl": "https://account.gdata.de/realms/vaas-production/protocol/openid-connect/token",
  "Credentials": {
    "GrantType": "ClientCredentials",
    "ClientId": "clientId",
    "ClientSecret": "clientSecret",
    "UserName": null,
    "Password": null
  }
}
