{
  "Url": "https://upload.production.vaas.gdatasecurity.de",
  "UseHashLookup": null,
  "UseCache": null,
  "TokenUrl": "https://account-staging.gdata.de/realms/vaas-staging/protocol/openid-connect/token",
  "Credentials": {
    "GrantType": "Password",
    "ClientId": "clientId",
    "ClientSecret": null,
    "UserName": "userName",
    "Password": "password"
  }
}
